# errors_a_full_c040
# C:\Users\PC1\AppData\Local\Programs\Python\Python312\python.exe -u scripts/08_error_analysis.py --tag baseline_a_full --conf 0.40 --no-crops
# baslangic 2026-08-15T08:53:02+03:00

eslestirme (baseline_a_full):   0%|          | 0/1547 [00:00<?, ?it/s]eslestirme (baseline_a_full):  46%|████▌     | 713/1547 [00:00<00:00, 7114.15it/s]eslestirme (baseline_a_full):  93%|█████████▎| 1441/1547 [00:00<00:00, 7190.12it/s]eslestirme (baseline_a_full): 100%|██████████| 1547/1547 [00:00<00:00, 7411.31it/s]
=== baseline_a_full | conf>=0.4, IoU>=0.5 ===

TP: 8217   FP: 926   FN: 1413
precision: 0.8987   recall: 0.8533

Yanlis pozitif tipi (baskin hata modu):
  background          184  ( 19.9%)
  class_confusion      51  (  5.5%)
  localization        667  ( 72.0%)
  duplicate            24  (  2.6%)

FP tipi x boyut bandi:
fp_type    background  class_confusion  duplicate  localization
size_band                                                      
<16                11                0          7             6
16-32              76                6          5           206
32-64              53               12          7           340
>64                44               33          5           115

Sinif karisikligi (tahmin -> gercek):
confused_with           boat  jetski  life_saving_appliances  swimmer
category                                                             
boat                       0      17                       0        6
buoy                       0       0                       0        2
jetski                     2       0                       0        6
life_saving_appliances     0       0                       0        8
swimmer                    1       1                       8        0

Yanlis negatif, boyut bandina gore:
size_band
<16       39
16-32    609
32-64    546
>64      219

ECE (guven kalibrasyon hatasi): 0.1436

Ciktilar: outputs\error_analysis\baseline_a_full/
