# errors_a_full_c050
# C:\Users\PC1\AppData\Local\Programs\Python\Python312\python.exe -u scripts/08_error_analysis.py --tag baseline_a_full --conf 0.50 --no-crops
# baslangic 2026-08-15T08:53:03+03:00

eslestirme (baseline_a_full):   0%|          | 0/1547 [00:00<?, ?it/s]eslestirme (baseline_a_full):  48%|████▊     | 735/1547 [00:00<00:00, 7307.96it/s]eslestirme (baseline_a_full):  96%|█████████▌| 1486/1547 [00:00<00:00, 7415.35it/s]eslestirme (baseline_a_full): 100%|██████████| 1547/1547 [00:00<00:00, 7589.60it/s]
=== baseline_a_full | conf>=0.5, IoU>=0.5 ===

TP: 7772   FP: 716   FN: 1858
precision: 0.9156   recall: 0.8071

Yanlis pozitif tipi (baskin hata modu):
  background          124  ( 17.3%)
  class_confusion      38  (  5.3%)
  localization        546  ( 76.3%)
  duplicate             8  (  1.1%)

FP tipi x boyut bandi:
fp_type    background  class_confusion  duplicate  localization
size_band                                                      
<16                 6                0          1             6
16-32              49                3          1           164
32-64              33                4          4           272
>64                36               31          2           104

Sinif karisikligi (tahmin -> gercek):
confused_with           boat  jetski  life_saving_appliances  swimmer
category                                                             
boat                       0      17                       0        6
buoy                       0       0                       0        1
jetski                     2       0                       0        5
life_saving_appliances     0       0                       0        2
swimmer                    1       1                       3        0

Yanlis negatif, boyut bandina gore:
size_band
<16       56
16-32    859
32-64    707
>64      236

ECE (guven kalibrasyon hatasi): 0.1436

Ciktilar: outputs\error_analysis\baseline_a_full/
